Component: ARM Compiler 5.05 update 1 (build 106) Tool: armlink [4d0efa]

==============================================================================

Section Cross References

    main.o(.text) refers to key.o(.text) for KEY_Scan
    main.o(.text) refers to delay.o(.text) for delay_ms
    main.o(.text) refers to os_mbox.o(.text) for OSMboxPost
    main.o(.text) refers to os_sem.o(.text) for OSSemPost
    main.o(.text) refers to os_cpu_a.o(.text) for OS_CPU_SR_Save
    main.o(.text) refers to chart.o(.text) for initShow
    main.o(.text) refers to device.o(.text) for amp_fre
    main.o(.text) refers to lcd.o(.text) for LCD_ShowString
    main.o(.text) refers to os_core.o(.text) for OSStatInit
    main.o(.text) refers to os_task.o(.text) for OSTaskCreate
    main.o(.text) refers to lcd.o(.data) for POINT_COLOR
    main.o(.text) refers to main.o(.data) for page_ECB
    main.o(.text) refers to lcd.o(.bss) for lcddev
    main.o(.text) refers to touch.o(.data) for tp_dev
    main.o(.text) refers to main.o(.bss) for TOUCH_TASK_STK
    main.o(.text) refers to misc.o(.text) for NVIC_PriorityGroupConfig
    main.o(.text) refers to ad9959.o(.text) for Init_AD9959
    main.o(.text) refers to led.o(.text) for LED_Init
    main.o(.text) refers to usart.o(.text) for uart_init
    main.o(.text) refers to adc.o(.text) for ADCx_Init
    main.o(.text) refers to touch.o(.text) for TP_Adjust
    stm32f10x_it.o(.text) refers to stm32f10x_tim.o(.text) for TIM_ClearFlag
    stm32f10x_it.o(.text) refers to key.o(.data) for KEY_Sys_Timer
    stm32f10x_it.o(.text) refers to stm32f10x_it.o(.data) for sysbufer
    system_stm32f10x.o(.text) refers to system_stm32f10x.o(.data) for SystemCoreClock
    led.o(.text) refers to stm32f10x_rcc.o(.text) for RCC_APB2PeriphClockCmd
    led.o(.text) refers to stm32f10x_gpio.o(.text) for GPIO_Init
    key.o(.text) refers to stm32f10x_rcc.o(.text) for RCC_APB2PeriphClockCmd
    key.o(.text) refers to stm32f10x_gpio.o(.text) for GPIO_Init
    key.o(.text) refers to delay.o(.text) for delay_ms
    key.o(.text) refers to lcd.o(.text) for LCD_Clear
    key.o(.text) refers to adc.o(.text) for Get_ADC_Value
    key.o(.text) refers to dflti.o(.text) for __aeabi_i2d
    key.o(.text) refers to dmul.o(.text) for __aeabi_dmul
    key.o(.text) refers to dfltui.o(.text) for __aeabi_ui2d
    key.o(.text) refers to cdrcmple.o(.text) for __aeabi_cdrcmple
    key.o(.text) refers to key.o(.data) for key_up
    key.o(.text) refers to key.o(.bss) for value1
    key.o(.text) refers to device.o(.data) for max
    key.o(.text) refers to lcd.o(.data) for POINT_COLOR
    beep.o(.text) refers to stm32f10x_rcc.o(.text) for RCC_APB2PeriphClockCmd
    beep.o(.text) refers to stm32f10x_gpio.o(.text) for GPIO_Init
    lcd.o(.text) refers to delay.o(.text) for delay_us
    lcd.o(.text) refers to lcd.o(.bss) for lcddev
    lcd.o(.text) refers to lcd.o(.data) for POINT_COLOR
    lcd.o(.text) refers to stm32f10x_rcc.o(.text) for RCC_AHBPeriphClockCmd
    lcd.o(.text) refers to stm32f10x_gpio.o(.text) for GPIO_Init
    lcd.o(.text) refers to stm32f10x_fsmc.o(.text) for FSMC_NORSRAMInit
    lcd.o(.text) refers to printf5.o(i.__0printf$5) for __2printf
    lcd.o(.text) refers to lcd.o(.constdata) for asc2_1206
    myiic.o(.text) refers to stm32f10x_rcc.o(.text) for RCC_APB2PeriphClockCmd
    myiic.o(.text) refers to stm32f10x_gpio.o(.text) for GPIO_Init
    myiic.o(.text) refers to delay.o(.text) for delay_us
    24cxx.o(.text) refers to myiic.o(.text) for IIC_Init
    24cxx.o(.text) refers to delay.o(.text) for delay_ms
    spi.o(.text) refers to stm32f10x_spi.o(.text) for SPI_I2S_GetFlagStatus
    spi.o(.text) refers to stm32f10x_rcc.o(.text) for RCC_APB2PeriphClockCmd
    spi.o(.text) refers to stm32f10x_gpio.o(.text) for GPIO_Init
    w25qxx.o(.text) refers to spi.o(.text) for SPI2_ReadWriteByte
    w25qxx.o(.text) refers to stm32f10x_rcc.o(.text) for RCC_APB2PeriphClockCmd
    w25qxx.o(.text) refers to stm32f10x_gpio.o(.text) for GPIO_Init
    w25qxx.o(.text) refers to printf5.o(i.__0printf$5) for __2printf
    w25qxx.o(.text) refers to delay.o(.text) for delay_us
    w25qxx.o(.text) refers to w25qxx.o(.data) for W25QXX_TYPE
    w25qxx.o(.text) refers to w25qxx.o(.bss) for W25QXX_BUFFER
    touch.o(.text) refers to delay.o(.text) for delay_us
    touch.o(.text) refers to lcd.o(.text) for LCD_DrawLine
    touch.o(.text) refers to fflti.o(.text) for __aeabi_i2f
    touch.o(.text) refers to ffltui.o(.text) for __aeabi_ui2f
    touch.o(.text) refers to fmul.o(.text) for __aeabi_fmul
    touch.o(.text) refers to fadd.o(.text) for __aeabi_fadd
    touch.o(.text) refers to ffixui.o(.text) for __aeabi_f2uiz
    touch.o(.text) refers to 24cxx.o(.text) for AT24CXX_Write
    touch.o(.text) refers to touch.o(.data) for CMD_RDX
    touch.o(.text) refers to lcd.o(.data) for POINT_COLOR
    touch.o(.text) refers to dfltui.o(.text) for __aeabi_ui2d
    touch.o(.text) refers to sqrt.o(i.sqrt) for sqrt
[...]
    LCD_Clear                                0x080019ed   Thumb Code   100  lcd.o(.text)
    LCD_Init                                 0x08001a51   Thumb Code 14102  lcd.o(.text)
    LCD_Fill                                 0x08005167   Thumb Code   178  lcd.o(.text)
    LCD_Color_Fill                           0x08005219   Thumb Code   100  lcd.o(.text)
    LCD_DrawLine                             0x0800527d   Thumb Code   176  lcd.o(.text)
    LCD_DrawRectangle                        0x0800532d   Thumb Code    60  lcd.o(.text)
    Draw_Circle                              0x08005369   Thumb Code   152  lcd.o(.text)
    LCD_ShowChar                             0x08005401   Thumb Code   340  lcd.o(.text)
    LCD_Pow                                  0x08005555   Thumb Code    22  lcd.o(.text)
    LCD_ShowNum                              0x0800556b   Thumb Code   148  lcd.o(.text)
    LCD_ShowxNum                             0x080055ff   Thumb Code   218  lcd.o(.text)
    LCD_ShowString                           0x080056d9   Thumb Code   102  lcd.o(.text)
    IIC_Init                                 0x08005741   Thumb Code    46  myiic.o(.text)
    IIC_Start                                0x0800576f   Thumb Code    64  myiic.o(.text)
    IIC_Stop                                 0x080057af   Thumb Code    66  myiic.o(.text)
    IIC_Wait_Ack                             0x080057f1   Thumb Code    86  myiic.o(.text)
    IIC_Ack                                  0x08005847   Thumb Code    70  myiic.o(.text)
    IIC_NAck                                 0x0800588d   Thumb Code    70  myiic.o(.text)
    IIC_Send_Byte                            0x080058d3   Thumb Code   104  myiic.o(.text)
    IIC_Read_Byte                            0x0800593b   Thumb Code   100  myiic.o(.text)
    AT24CXX_Init                             0x080059ad   Thumb Code     8  24cxx.o(.text)
    AT24CXX_ReadOneByte                      0x080059b5   Thumb Code    88  24cxx.o(.text)
    AT24CXX_WriteOneByte                     0x08005a0d   Thumb Code    80  24cxx.o(.text)
    AT24CXX_WriteLenByte                     0x08005a5d   Thumb Code    42  24cxx.o(.text)
    AT24CXX_ReadLenByte                      0x08005a87   Thumb Code    44  24cxx.o(.text)
    AT24CXX_Check                            0x08005ab3   Thumb Code    46  24cxx.o(.text)
    AT24CXX_Read                             0x08005ae1   Thumb Code    34  24cxx.o(.text)
    AT24CXX_Write                            0x08005b03   Thumb Code    36  24cxx.o(.text)
    TP_Write_Byte                            0x08005b29   Thumb Code    64  touch.o(.text)
    TP_Read_AD                               0x08005b69   Thumb Code   136  touch.o(.text)
    TP_Read_XOY                              0x08005bf1   Thumb Code   120  touch.o(.text)
    TP_Read_XY                               0x08005c69   Thumb Code    38  touch.o(.text)
    TP_Read_XY2                              0x08005c8f   Thumb Code   192  touch.o(.text)
    TP_Drow_Touch_Point                      0x08005d4f   Thumb Code   108  touch.o(.text)
    TP_Draw_Big_Point                        0x08005dbb   Thumb Code    54  touch.o(.text)
    TP_Scan                                  0x08005df1   Thumb Code   264  touch.o(.text)
    TP_Save_Adjdata                          0x08005ef9   Thumb Code    24  touch.o(.text)
    TP_Get_Adjdata                           0x08005f11   Thumb Code   104  touch.o(.text)
    TP_Adj_Info_Show                         0x08005f79   Thumb Code   374  touch.o(.text)
    TP_Adjust                                0x080060ef   Thumb Code  2128  touch.o(.text)
    TP_Init                                  0x0800693f   Thumb Code   330  touch.o(.text)
    CT_Delay                                 0x08006add   Thumb Code    10  ctiic.o(.text)
    CT_IIC_Init                              0x08006ae7   Thumb Code    72  ctiic.o(.text)
    CT_IIC_Start                             0x08006b2f   Thumb Code    66  ctiic.o(.text)
    CT_IIC_Stop                              0x08006b71   Thumb Code    60  ctiic.o(.text)
    CT_IIC_Wait_Ack                          0x08006bad   Thumb Code    86  ctiic.o(.text)
    CT_IIC_Ack                               0x08006c03   Thumb Code    70  ctiic.o(.text)
    CT_IIC_NAck                              0x08006c49   Thumb Code    70  ctiic.o(.text)
    CT_IIC_Send_Byte                         0x08006c8f   Thumb Code    86  ctiic.o(.text)
    CT_IIC_Read_Byte                         0x08006ce5   Thumb Code   100  ctiic.o(.text)
    OTT2001A_WR_Reg                          0x08006d61   Thumb Code    92  ott2001a.o(.text)
    OTT2001A_RD_Reg                          0x08006dbd   Thumb Code    98  ott2001a.o(.text)
    OTT2001A_SensorControl                   0x08006e1f   Thumb Code    28  ott2001a.o(.text)
    OTT2001A_Init                            0x08006e3b   Thumb Code   156  ott2001a.o(.text)
    OTT2001A_Scan                            0x08006ed7   Thumb Code   446  ott2001a.o(.text)
    FT5206_WR_Reg                            0x080070cd   Thumb Code    82  ft5206.o(.text)
    FT5206_RD_Reg                            0x0800711f   Thumb Code    88  ft5206.o(.text)
    FT5206_Init                              0x08007177   Thumb Code   216  ft5206.o(.text)
    FT5206_Scan                              0x0800724f   Thumb Code   400  ft5206.o(.text)
    GT9147_WR_Reg                            0x08007405   Thumb Code    92  gt9147.o(.text)
    GT9147_Send_Cfg                          0x08007461   Thumb Code    86  gt9147.o(.text)
    GT9147_RD_Reg                            0x080074b7   Thumb Code    98  gt9147.o(.text)
    GT9147_Init                              0x08007519   Thumb Code   268  gt9147.o(.text)
    GT9147_Scan                              0x08007625   Thumb Code   494  gt9147.o(.text)
    ADCx_Init                                0x0800785d   Thumb Code   140  adc.o(.text)
    Get_ADC_Value                            0x080078e9   Thumb Code    74  adc.o(.text)
    Get_ADC_Value_fast                       0x08007933   Thumb Code    74  adc.o(.text)
    ADC1_Init                                0x08007ab1   Thumb Code    12  adc.o(.text)
    WriFre1000                               0x08007ad1   Thumb Code    44  chart.o(.text)
    initShow                                 0x08007afd   Thumb Code   228  chart.o(.text)
    underpainting                            0x08007be1   Thumb Code    68  chart.o(.text)
    PowerMag                                 0x08007c25   Thumb Code   224  chart.o(.text)
    Compare_Max                              0x08007d05   Thumb Code    74  chart.o(.text)
    DSP_FFT1024                              0x08007d4f   Thumb Code    52  chart.o(.text)
    spectrometer                             0x08007d83   Thumb Code   684  chart.o(.text)
    DMA1_Channel1_IRQHandler                 0x0800802f   Thumb Code    48  chart.o(.text)
    Load_Drow_Dialog                         0x0800805f   Thumb Code    52  chart.o(.text)
    gui_draw_hline                           0x08008093   Thumb Code    36  chart.o(.text)
    gui_fill_circle                          0x080080b7   Thumb Code   176  chart.o(.text)
    my_abs                                   0x08008167   Thumb Code    18  chart.o(.text)
    lcd_draw_bline                           0x08008179   Thumb Code   212  chart.o(.text)
    rtp_test                                 0x0800824d   Thumb Code   100  chart.o(.text)
    Show_Picture                             0x080082b1   Thumb Code    86  chart.o(.text)
    amp_fre                                  0x08008331   Thumb Code  3136  device.o(.text)
    Rin                                      0x08008f71   Thumb Code   658  device.o(.text)
    Rout                                     0x08009203   Thumb Code  1186  device.o(.text)
    judgeC                                   0x080096a5   Thumb Code  1138  device.o(.text)
    estimate_device                          0x08009b17   Thumb Code  1292  device.o(.text)
    gain                                     0x0800a023   Thumb Code  1254  device.o(.text)
    cr4_fft_1024_stm32                       0x0800a555   Thumb Code     0  cr4_fft_1024_stm32.o(.text)
    OLED_WR_Byte                             0x0800b735   Thumb Code    84  oled.o(.text)
    OLED_Refresh_Gram                        0x0800b789   Thumb Code    70  oled.o(.text)
    OLED_Set_Pos                             0x0800b7cf   Thumb Code    46  oled.o(.text)
    OLED_Display_On                          0x0800b7fd   Thumb Code    28  oled.o(.text)
    OLED_Display_Off                         0x0800b819   Thumb Code    28  oled.o(.text)
    OLED_Clear                               0x0800b835   Thumb Code    42  oled.o(.text)
    OLED_DrawPoint                           0x0800b85f   Thumb Code   100  oled.o(.text)
    OLED_Fill                                0x0800b8c3   Thumb Code    58  oled.o(.text)
    OLED_ShowChar                            0x0800b8fd   Thumb Code   254  oled.o(.text)
    oled_pow                                 0x0800b9fb   Thumb Code    22  oled.o(.text)
    OLED_ShowNum                             0x0800ba11   Thumb Code   148  oled.o(.text)
    OLED_ShowString                          0x0800baa5   Thumb Code    94  oled.o(.text)
    OLED_ShowFontHZ                          0x0800bb03   Thumb Code   256  oled.o(.text)
    OLED_DrawBMP                             0x0800bc03   Thumb Code   120  oled.o(.text)
    OLED_Init                                0x0800bc7b   Thumb Code   282  oled.o(.text)
    Timerx_Init                              0x0800bda5   Thumb Code    90  timer.o(.text)
    TIM4_IRQHandler                          0x0800bdff   Thumb Code   428  timer.o(.text)
    TIM2_Configuration                       0x0800bfab   Thumb Code   146  timer.o(.text)
    TIM2_NVIC_Configuration                  0x0800c03d   Thumb Code    32  timer.o(.text)
    TIME2_Init                               0x0800c05d   Thumb Code    12  timer.o(.text)
    TIM2_IRQHandler                          0x0800c069   Thumb Code    24  timer.o(.text)
    delay1                                   0x0800c09d   Thumb Code    18  ad9959.o(.text)
    IO_Update                                0x0800c0af   Thumb Code    36  ad9959.o(.text)
    WriteData_AD9959                         0x0800c0d3   Thumb Code   216  ad9959.o(.text)
    Write_Amplitude                          0x0800c1ab   Thumb Code   144  ad9959.o(.text)
    Write_Phase                              0x0800c23b   Thumb Code   136  ad9959.o(.text)
    Write_frequence                          0x0800c2c3   Thumb Code   188  ad9959.o(.text)
    IntReset                                 0x0800c37f   Thumb Code    36  ad9959.o(.text)
    Intserve                                 0x0800c3a3   Thumb Code    72  ad9959.o(.text)
    Init_AD9959                              0x0800c3eb   Thumb Code   300  ad9959.o(.text)
    delay_osschedlock                        0x0800c51d   Thumb Code     8  delay.o(.text)
    delay_osschedunlock                      0x0800c525   Thumb Code     8  delay.o(.text)
    delay_ostimedly                          0x0800c52d   Thumb Code    12  delay.o(.text)
    SysTick_Handler                          0x0800c539   Thumb Code    24  delay.o(.text)
    delay_init                               0x0800c551   Thumb Code    76  delay.o(.text)
    delay_us                                 0x0800c59d   Thumb Code    86  delay.o(.text)
    delay_ms                                 0x0800c5f3   Thumb Code    66  delay.o(.text)
    _sys_exit                                0x0800c64d   Thumb Code     6  usart.o(.text)
    fputc                                    0x0800c653   Thumb Code    24  usart.o(.text)
    uart_init                                0x0800c66b   Thumb Code   152  usart.o(.text)
    USART1_IRQHandler                        0x0800c703   Thumb Code   130  usart.o(.text)
    Reset_Handler                            0x0800c795   Thumb Code     8  startup_stm32f10x_hd.o(.text)
    ADC1_2_IRQHandler                        0x0800c7af   Thumb Code     0  startup_stm32f10x_hd.o(.text)
    ADC3_IRQHandler                          0x0800c7af   Thumb Code     0  startup_stm32f10x_hd.o(.text)
    CAN1_RX1_IRQHandler                      0x0800c7af   Thumb Code     0  startup_stm32f10x_hd.o(.text)
    CAN1_SCE_IRQHandler                      0x0800c7af   Thumb Code     0  startup_stm32f10x_hd.o(.text)
    DMA1_Channel2_IRQHandler                 0x0800c7af   Thumb Code     0  startup_stm32f10x_hd.o(.text)
    DMA1_Channel3_IRQHandler                 0x0800c7af   Thumb Code     0  startup_stm32f10x_hd.o(.text)
    DMA1_Channel4_IRQHandler                 0x0800c7af   Thumb Code     0  startup_stm32f10x_hd.o(.text)
    DMA1_Channel5_IRQHandler                 0x0800c7af   Thumb Code     0  startup_stm32f10x_hd.o(.text)
    DMA1_Channel6_IRQHandler                 0x0800c7af   Thumb Code     0  startup_stm32f10x_hd.o(.text)
    DMA1_Channel7_IRQHandler                 0x0800c7af   Thumb Code     0  startup_stm32f10x_hd.o(.text)
    DMA2_Channel1_IRQHandler                 0x0800c7af   Thumb Code     0  startup_stm32f10x_hd.o(.text)
    DMA2_Channel2_IRQHandler                 0x0800c7af   Thumb Code     0  startup_stm32f10x_hd.o(.text)
    DMA2_Channel3_IRQHandler                 0x0800c7af   Thumb Code     0  startup_stm32f10x_hd.o(.text)
    DMA2_Channel4_5_IRQHandler               0x0800c7af   Thumb Code     0  startup_stm32f10x_hd.o(.text)
    EXTI0_IRQHandler                         0x0800c7af   Thumb Code     0  startup_stm32f10x_hd.o(.text)
    EXTI15_10_IRQHandler                     0x0800c7af   Thumb Code     0  startup_stm32f10x_hd.o(.text)
    EXTI1_IRQHandler                         0x0800c7af   Thumb Code     0  startup_stm32f10x_hd.o(.text)
    EXTI2_IRQHandler                         0x0800c7af   Thumb Code     0  startup_stm32f10x_hd.o(.text)
    EXTI3_IRQHandler                         0x0800c7af   Thumb Code     0  startup_stm32f10x_hd.o(.text)
    EXTI4_IRQHandler                         0x0800c7af   Thumb Code     0  startup_stm32f10x_hd.o(.text)
    EXTI9_5_IRQHandler                       0x0800c7af   Thumb Code     0  startup_stm32f10x_hd.o(.text)
    FLASH_IRQHandler                         0x0800c7af   Thumb Code     0  startup_stm32f10x_hd.o(.text)
    FSMC_IRQHandler                          0x0800c7af   Thumb Code     0  startup_stm32f10x_hd.o(.text)
    I2C1_ER_IRQHandler                       0x0800c7af   Thumb Code     0  startup_stm32f10x_hd.o(.text)
    I2C1_EV_IRQHandler                       0x0800c7af   Thumb Code     0  startup_stm32f10x_hd.o(.text)
    I2C2_ER_IRQHandler                       0x0800c7af   Thumb Code     0  startup_stm32f10x_hd.o(.text)
    I2C2_EV_IRQHandler                       0x0800c7af   Thumb Code     0  startup_stm32f10x_hd.o(.text)
    PVD_IRQHandler                           0x0800c7af   Thumb Code     0  startup_stm32f10x_hd.o(.text)
    RCC_IRQHandler                           0x0800c7af   Thumb Code     0  startup_stm32f10x_hd.o(.text)
    RTCAlarm_IRQHandler                      0x0800c7af   Thumb Code     0  startup_stm32f10x_hd.o(.text)
    RTC_IRQHandler                           0x0800c7af   Thumb Code     0  startup_stm32f10x_hd.o(.text)
    SDIO_IRQHandler                          0x0800c7af   Thumb Code     0  startup_stm32f10x_hd.o(.text)
    SPI1_IRQHandler                          0x0800c7af   Thumb Code     0  startup_stm32f10x_hd.o(.text)
    SPI2_IRQHandler                          0x0800c7af   Thumb Code     0  startup_stm32f10x_hd.o(.text)
    SPI3_IRQHandler                          0x0800c7af   Thumb Code     0  startup_stm32f10x_hd.o(.text)
    TAMPER_IRQHandler                        0x0800c7af   Thumb Code     0  startup_stm32f10x_hd.o(.text)
    TIM1_BRK_IRQHandler                      0x0800c7af   Thumb Code     0  startup_stm32f10x_hd.o(.text)
    TIM1_CC_IRQHandler                       0x0800c7af   Thumb Code     0  startup_stm32f10x_hd.o(.text)
    TIM1_TRG_COM_IRQHandler                  0x0800c7af   Thumb Code     0  startup_stm32f10x_hd.o(.text)
    TIM1_UP_IRQHandler                       0x0800c7af   Thumb Code     0  startup_stm32f10x_hd.o(.text)
    TIM5_IRQHandler                          0x0800c7af   Thumb Code     0  startup_stm32f10x_hd.o(.text)
    TIM6_IRQHandler                          0x0800c7af   Thumb Code     0  startup_stm32f10x_hd.o(.text)
    TIM7_IRQHandler                          0x0800c7af   Thumb Code     0  startup_stm32f10x_hd.o(.text)
    TIM8_BRK_IRQHandler                      0x0800c7af   Thumb Code     0  startup_stm32f10x_hd.o(.text)
    TIM8_CC_IRQHandler                       0x0800c7af   Thumb Code     0  startup_stm32f10x_hd.o(.text)
    TIM8_TRG_COM_IRQHandler                  0x0800c7af   Thumb Code     0  startup_stm32f10x_hd.o(.text)
    TIM8_UP_IRQHandler                       0x0800c7af   Thumb Code     0  startup_stm32f10x_hd.o(.text)
    UART4_IRQHandler                         0x0800c7af   Thumb Code     0  startup_stm32f10x_hd.o(.text)
    UART5_IRQHandler                         0x0800c7af   Thumb Code     0  startup_stm32f10x_hd.o(.text)
    USART2_IRQHandler                        0x0800c7af   Thumb Code     0  startup_stm32f10x_hd.o(.text)
    USART3_IRQHandler                        0x0800c7af   Thumb Code     0  startup_stm32f10x_hd.o(.text)
    USBWakeUp_IRQHandler                     0x0800c7af   Thumb Code     0  startup_stm32f10x_hd.o(.text)
    USB_HP_CAN1_TX_IRQHandler                0x0800c7af   Thumb Code     0  startup_stm32f10x_hd.o(.text)
    USB_LP_CAN1_RX0_IRQHandler               0x0800c7af   Thumb Code     0  startup_stm32f10x_hd.o(.text)
    WWDG_IRQHandler                          0x0800c7af   Thumb Code     0  startup_stm32f10x_hd.o(.text)
    NVIC_PriorityGroupConfig                 0x0800c7b9   Thumb Code    10  misc.o(.text)
    NVIC_Init                                0x0800c7c3   Thumb Code   100  misc.o(.text)
    NVIC_SetVectorTable                      0x0800c827   Thumb Code    14  misc.o(.text)
    NVIC_SystemLPConfig                      0x0800c835   Thumb Code    34  misc.o(.text)
    SysTick_CLKSourceConfig                  0x0800c857   Thumb Code    40  misc.o(.text)
    FSMC_NORSRAMDeInit                       0x0800c895   Thumb Code    54  stm32f10x_fsmc.o(.text)
    FSMC_NANDDeInit                          0x0800c8cb   Thumb Code    62  stm32f10x_fsmc.o(.text)
    FSMC_PCCARDDeInit                        0x0800c909   Thumb Code    36  stm32f10x_fsmc.o(.text)
    FSMC_NORSRAMInit                         0x0800c92d   Thumb Code   230  stm32f10x_fsmc.o(.text)
    FSMC_NANDInit                            0x0800ca13   Thumb Code   132  stm32f10x_fsmc.o(.text)
    FSMC_PCCARDInit                          0x0800ca97   Thumb Code   130  stm32f10x_fsmc.o(.text)
    FSMC_NORSRAMStructInit                   0x0800cb19   Thumb Code   114  stm32f10x_fsmc.o(.text)
    FSMC_NANDStructInit                      0x0800cb8b   Thumb Code    54  stm32f10x_fsmc.o(.text)
    FSMC_PCCARDStructInit                    0x0800cbc1   Thumb Code    60  stm32f10x_fsmc.o(.text)
    FSMC_NORSRAMCmd                          0x0800cbfd   Thumb Code    46  stm32f10x_fsmc.o(.text)
    FSMC_NANDCmd                             0x0800cc2b   Thumb Code    86  stm32f10x_fsmc.o(.text)
    FSMC_PCCARDCmd                           0x0800cc81   Thumb Code    44  stm32f10x_fsmc.o(.text)
    FSMC_NANDECCCmd                          0x0800ccad   Thumb Code    90  stm32f10x_fsmc.o(.text)
    FSMC_GetECC                              0x0800cd07   Thumb Code    24  stm32f10x_fsmc.o(.text)
    FSMC_ITConfig                            0x0800cd1f   Thumb Code   128  stm32f10x_fsmc.o(.text)
    FSMC_GetFlagStatus                       0x0800cd9f   Thumb Code    54  stm32f10x_fsmc.o(.text)
    FSMC_ClearFlag                           0x0800cdd5   Thumb Code    62  stm32f10x_fsmc.o(.text)
    FSMC_GetITStatus                         0x0800ce13   Thumb Code    64  stm32f10x_fsmc.o(.text)
    FSMC_ClearITPendingBit                   0x0800ce53   Thumb Code    68  stm32f10x_fsmc.o(.text)
    GPIO_DeInit                              0x0800cea1   Thumb Code   172  stm32f10x_gpio.o(.text)
    GPIO_AFIODeInit                          0x0800cf4d   Thumb Code    20  stm32f10x_gpio.o(.text)
    GPIO_Init                                0x0800cf61   Thumb Code   278  stm32f10x_gpio.o(.text)
    GPIO_StructInit                          0x0800d077   Thumb Code    16  stm32f10x_gpio.o(.text)
    GPIO_ReadInputDataBit                    0x0800d087   Thumb Code    18  stm32f10x_gpio.o(.text)
    GPIO_ReadInputData                       0x0800d099   Thumb Code     8  stm32f10x_gpio.o(.text)
    GPIO_ReadOutputDataBit                   0x0800d0a1   Thumb Code    18  stm32f10x_gpio.o(.text)
    GPIO_ReadOutputData                      0x0800d0b3   Thumb Code     8  stm32f10x_gpio.o(.text)
    GPIO_SetBits                             0x0800d0bb   Thumb Code     4  stm32f10x_gpio.o(.text)
    GPIO_ResetBits                           0x0800d0bf   Thumb Code     4  stm32f10x_gpio.o(.text)
    GPIO_WriteBit                            0x0800d0c3   Thumb Code    10  stm32f10x_gpio.o(.text)
    GPIO_Write                               0x0800d0cd   Thumb Code     4  stm32f10x_gpio.o(.text)
    GPIO_PinLockConfig                       0x0800d0d1   Thumb Code    18  stm32f10x_gpio.o(.text)
    GPIO_EventOutputConfig                   0x0800d0e3   Thumb Code    26  stm32f10x_gpio.o(.text)
    GPIO_EventOutputCmd                      0x0800d0fd   Thumb Code     6  stm32f10x_gpio.o(.text)
    GPIO_PinRemapConfig                      0x0800d103   Thumb Code   138  stm32f10x_gpio.o(.text)
    GPIO_EXTILineConfig                      0x0800d18d   Thumb Code    66  stm32f10x_gpio.o(.text)
    GPIO_ETH_MediaInterfaceConfig            0x0800d1cf   Thumb Code     8  stm32f10x_gpio.o(.text)
    RCC_DeInit                               0x0800d1fd   Thumb Code    64  stm32f10x_rcc.o(.text)
    RCC_HSEConfig                            0x0800d23d   Thumb Code    70  stm32f10x_rcc.o(.text)
    RCC_GetFlagStatus                        0x0800d283   Thumb Code    56  stm32f10x_rcc.o(.text)
    RCC_WaitForHSEStartUp                    0x0800d2bb   Thumb Code    56  stm32f10x_rcc.o(.text)
    RCC_AdjustHSICalibrationValue            0x0800d2f3   Thumb Code    20  stm32f10x_rcc.o(.text)
    RCC_HSICmd                               0x0800d307   Thumb Code     6  stm32f10x_rcc.o(.text)
    RCC_PLLConfig                            0x0800d30d   Thumb Code    24  stm32f10x_rcc.o(.text)
    RCC_PLLCmd                               0x0800d325   Thumb Code     6  stm32f10x_rcc.o(.text)
    RCC_SYSCLKConfig                         0x0800d32b   Thumb Code    18  stm32f10x_rcc.o(.text)
    RCC_GetSYSCLKSource                      0x0800d33d   Thumb Code    10  stm32f10x_rcc.o(.text)
    RCC_HCLKConfig                           0x0800d347   Thumb Code    18  stm32f10x_rcc.o(.text)
    RCC_PCLK1Config                          0x0800d359   Thumb Code    18  stm32f10x_rcc.o(.text)
    RCC_PCLK2Config                          0x0800d36b   Thumb Code    20  stm32f10x_rcc.o(.text)
    RCC_ITConfig                             0x0800d37f   Thumb Code    26  stm32f10x_rcc.o(.text)
    RCC_USBCLKConfig                         0x0800d399   Thumb Code     8  stm32f10x_rcc.o(.text)
    RCC_ADCCLKConfig                         0x0800d3a1   Thumb Code    18  stm32f10x_rcc.o(.text)
    RCC_LSEConfig                            0x0800d3b3   Thumb Code    50  stm32f10x_rcc.o(.text)
    RCC_LSICmd                               0x0800d3e5   Thumb Code     6  stm32f10x_rcc.o(.text)
    RCC_RTCCLKConfig                         0x0800d3eb   Thumb Code    12  stm32f10x_rcc.o(.text)
    RCC_RTCCLKCmd                            0x0800d3f7   Thumb Code     8  stm32f10x_rcc.o(.text)
    RCC_GetClocksFreq                        0x0800d3ff   Thumb Code   192  stm32f10x_rcc.o(.text)
    RCC_AHBPeriphClockCmd                    0x0800d4bf   Thumb Code    26  stm32f10x_rcc.o(.text)
    RCC_APB2PeriphClockCmd                   0x0800d4d9   Thumb Code    26  stm32f10x_rcc.o(.text)
    RCC_APB1PeriphClockCmd                   0x0800d4f3   Thumb Code    26  stm32f10x_rcc.o(.text)
    RCC_APB2PeriphResetCmd                   0x0800d50d   Thumb Code    26  stm32f10x_rcc.o(.text)
    RCC_APB1PeriphResetCmd                   0x0800d527   Thumb Code    26  stm32f10x_rcc.o(.text)
    RCC_BackupResetCmd                       0x0800d541   Thumb Code     8  stm32f10x_rcc.o(.text)
    RCC_ClockSecuritySystemCmd               0x0800d549   Thumb Code     6  stm32f10x_rcc.o(.text)
    RCC_MCOConfig                            0x0800d54f   Thumb Code     6  stm32f10x_rcc.o(.text)
    RCC_ClearFlag                            0x0800d555   Thumb Code    14  stm32f10x_rcc.o(.text)
    RCC_GetITStatus                          0x0800d563   Thumb Code    20  stm32f10x_rcc.o(.text)
    RCC_ClearITPendingBit                    0x0800d577   Thumb Code     6  stm32f10x_rcc.o(.text)
    USART_DeInit                             0x0800d5a1   Thumb Code   134  stm32f10x_usart.o(.text)
    USART_Init                               0x0800d627   Thumb Code   210  stm32f10x_usart.o(.text)
    USART_StructInit                         0x0800d6f9   Thumb Code    24  stm32f10x_usart.o(.text)
    USART_ClockInit                          0x0800d711   Thumb Code    34  stm32f10x_usart.o(.text)
    USART_ClockStructInit                    0x0800d733   Thumb Code    12  stm32f10x_usart.o(.text)
    USART_Cmd                                0x0800d73f   Thumb Code    24  stm32f10x_usart.o(.text)
    USART_ITConfig                           0x0800d757   Thumb Code    74  stm32f10x_usart.o(.text)
    USART_DMACmd                             0x0800d7a1   Thumb Code    18  stm32f10x_usart.o(.text)
    USART_SetAddress                         0x0800d7b3   Thumb Code    18  stm32f10x_usart.o(.text)
    USART_WakeUpConfig                       0x0800d7c5   Thumb Code    18  stm32f10x_usart.o(.text)
    USART_ReceiverWakeUpCmd                  0x0800d7d7   Thumb Code    24  stm32f10x_usart.o(.text)
    USART_LINBreakDetectLengthConfig         0x0800d7ef   Thumb Code    18  stm32f10x_usart.o(.text)
    USART_LINCmd                             0x0800d801   Thumb Code    24  stm32f10x_usart.o(.text)
    USART_SendData                           0x0800d819   Thumb Code     8  stm32f10x_usart.o(.text)
    USART_ReceiveData                        0x0800d821   Thumb Code    10  stm32f10x_usart.o(.text)
    USART_SendBreak                          0x0800d82b   Thumb Code    10  stm32f10x_usart.o(.text)
    USART_SetGuardTime                       0x0800d835   Thumb Code    16  stm32f10x_usart.o(.text)
    USART_SetPrescaler                       0x0800d845   Thumb Code    16  stm32f10x_usart.o(.text)
    USART_SmartCardCmd                       0x0800d855   Thumb Code    24  stm32f10x_usart.o(.text)
    USART_SmartCardNACKCmd                   0x0800d86d   Thumb Code    24  stm32f10x_usart.o(.text)
    USART_HalfDuplexCmd                      0x0800d885   Thumb Code    24  stm32f10x_usart.o(.text)
    USART_OverSampling8Cmd                   0x0800d89d   Thumb Code    22  stm32f10x_usart.o(.text)
    USART_OneBitMethodCmd                    0x0800d8b3   Thumb Code    24  stm32f10x_usart.o(.text)
    USART_IrDAConfig                         0x0800d8cb   Thumb Code    18  stm32f10x_usart.o(.text)
    USART_IrDACmd                            0x0800d8dd   Thumb Code    24  stm32f10x_usart.o(.text)
    USART_GetFlagStatus                      0x0800d8f5   Thumb Code    26  stm32f10x_usart.o(.text)
    USART_ClearFlag                          0x0800d90f   Thumb Code    18  stm32f10x_usart.o(.text)
    USART_GetITStatus                        0x0800d921   Thumb Code    84  stm32f10x_usart.o(.text)
    USART_ClearITPendingBit                  0x0800d975   Thumb Code    52  stm32f10x_usart.o(.text)
    TIM_DeInit                               0x0800d9a9   Thumb Code   424  stm32f10x_tim.o(.text)
    TIM_TimeBaseInit                         0x0800db51   Thumb Code   122  stm32f10x_tim.o(.text)
    TIM_OC1Init                              0x0800dbcb   Thumb Code   132  stm32f10x_tim.o(.text)
    TIM_OC2Init                              0x0800dc4f   Thumb Code   154  stm32f10x_tim.o(.text)
    TIM_OC3Init                              0x0800dce9   Thumb Code   150  stm32f10x_tim.o(.text)
    TIM_OC4Init                              0x0800dd7f   Thumb Code   182  stm32f10x_tim.o(.text)
    TIM_SetIC4Prescaler                      0x0800de35   Thumb Code    26  stm32f10x_tim.o(.text)
    TIM_SetIC3Prescaler                      0x0800ded1   Thumb Code    18  stm32f10x_tim.o(.text)
    TIM_SetIC2Prescaler                      0x0800df5d   Thumb Code    26  stm32f10x_tim.o(.text)
    TIM_SetIC1Prescaler                      0x0800dff9   Thumb Code    18  stm32f10x_tim.o(.text)
    TIM_ICInit                               0x0800e077   Thumb Code   150  stm32f10x_tim.o(.text)
    TIM_PWMIConfig                           0x0800e10d   Thumb Code   124  stm32f10x_tim.o(.text)
    TIM_BDTRConfig                           0x0800e189   Thumb Code    32  stm32f10x_tim.o(.text)
    TIM_TimeBaseStructInit                   0x0800e1a9   Thumb Code    18  stm32f10x_tim.o(.text)
    TIM_OCStructInit                         0x0800e1bb   Thumb Code    20  stm32f10x_tim.o(.text)
    TIM_ICStructInit                         0x0800e1cf   Thumb Code    18  stm32f10x_tim.o(.text)
    TIM_BDTRStructInit                       0x0800e1e1   Thumb Code    40  stm32f10x_tim.o(.text)
    TIM_Cmd                                  0x0800e209   Thumb Code    24  stm32f10x_tim.o(.text)
    TIM_CtrlPWMOutputs                       0x0800e221   Thumb Code    30  stm32f10x_tim.o(.text)
    TIM_ITConfig                             0x0800e23f   Thumb Code    18  stm32f10x_tim.o(.text)
    TIM_GenerateEvent                        0x0800e251   Thumb Code     4  stm32f10x_tim.o(.text)
    TIM_DMAConfig                            0x0800e255   Thumb Code    10  stm32f10x_tim.o(.text)
    TIM_DMACmd                               0x0800e25f   Thumb Code    18  stm32f10x_tim.o(.text)
    TIM_InternalClockConfig                  0x0800e271   Thumb Code    12  stm32f10x_tim.o(.text)
    TIM_SelectInputTrigger                   0x0800e27d   Thumb Code    18  stm32f10x_tim.o(.text)
    TIM_ITRxExternalClockConfig              0x0800e28f   Thumb Code    24  stm32f10x_tim.o(.text)
    TIM_TIxExternalClockConfig               0x0800e2a7   Thumb Code    62  stm32f10x_tim.o(.text)
    TIM_ETRConfig                            0x0800e2e5   Thumb Code    28  stm32f10x_tim.o(.text)
    TIM_ETRClockMode1Config                  0x0800e301   Thumb Code    54  stm32f10x_tim.o(.text)
    TIM_ETRClockMode2Config                  0x0800e337   Thumb Code    32  stm32f10x_tim.o(.text)
    TIM_PrescalerConfig                      0x0800e357   Thumb Code     6  stm32f10x_tim.o(.text)
    TIM_CounterModeConfig                    0x0800e35d   Thumb Code    18  stm32f10x_tim.o(.text)
    TIM_EncoderInterfaceConfig               0x0800e36f   Thumb Code    66  stm32f10x_tim.o(.text)
    TIM_ForcedOC1Config                      0x0800e3b1   Thumb Code    18  stm32f10x_tim.o(.text)
    TIM_ForcedOC2Config                      0x0800e3c3   Thumb Code    26  stm32f10x_tim.o(.text)
    TIM_ForcedOC3Config                      0x0800e3dd   Thumb Code    18  stm32f10x_tim.o(.text)
    TIM_ForcedOC4Config                      0x0800e3ef   Thumb Code    26  stm32f10x_tim.o(.text)
    TIM_ARRPreloadConfig                     0x0800e409   Thumb Code    24  stm32f10x_tim.o(.text)
    TIM_SelectCOM                            0x0800e421   Thumb Code    24  stm32f10x_tim.o(.text)
    TIM_SelectCCDMA                          0x0800e439   Thumb Code    24  stm32f10x_tim.o(.text)
    TIM_CCPreloadControl                     0x0800e451   Thumb Code    24  stm32f10x_tim.o(.text)
    TIM_OC1PreloadConfig                     0x0800e469   Thumb Code    18  stm32f10x_tim.o(.text)
    TIM_OC2PreloadConfig                     0x0800e47b   Thumb Code    26  stm32f10x_tim.o(.text)
    TIM_OC3PreloadConfig                     0x0800e495   Thumb Code    18  stm32f10x_tim.o(.text)
    TIM_OC4PreloadConfig                     0x0800e4a7   Thumb Code    26  stm32f10x_tim.o(.text)
    TIM_OC1FastConfig                        0x0800e4c1   Thumb Code    18  stm32f10x_tim.o(.text)
    TIM_OC2FastConfig                        0x0800e4d3   Thumb Code    26  stm32f10x_tim.o(.text)
    TIM_OC3FastConfig                        0x0800e4ed   Thumb Code    18  stm32f10x_tim.o(.text)
    TIM_OC4FastConfig                        0x0800e4ff   Thumb Code    26  stm32f10x_tim.o(.text)
    TIM_ClearOC1Ref                          0x0800e519   Thumb Code    18  stm32f10x_tim.o(.text)
    TIM_ClearOC2Ref                          0x0800e52b   Thumb Code    24  stm32f10x_tim.o(.text)
    TIM_ClearOC3Ref                          0x0800e543   Thumb Code    18  stm32f10x_tim.o(.text)
    TIM_ClearOC4Ref                          0x0800e555   Thumb Code    24  stm32f10x_tim.o(.text)
    TIM_OC1PolarityConfig                    0x0800e56d   Thumb Code    18  stm32f10x_tim.o(.text)
    TIM_OC1NPolarityConfig                   0x0800e57f   Thumb Code    18  stm32f10x_tim.o(.text)
    TIM_OC2PolarityConfig                    0x0800e591   Thumb Code    26  stm32f10x_tim.o(.text)
    TIM_OC2NPolarityConfig                   0x0800e5ab   Thumb Code    26  stm32f10x_tim.o(.text)
    TIM_OC3PolarityConfig                    0x0800e5c5   Thumb Code    26  stm32f10x_tim.o(.text)
    TIM_OC3NPolarityConfig                   0x0800e5df   Thumb Code    26  stm32f10x_tim.o(.text)
    TIM_OC4PolarityConfig                    0x0800e5f9   Thumb Code    26  stm32f10x_tim.o(.text)
    TIM_CCxCmd                               0x0800e613   Thumb Code    30  stm32f10x_tim.o(.text)
    TIM_CCxNCmd                              0x0800e631   Thumb Code    30  stm32f10x_tim.o(.text)
    TIM_SelectOCxM                           0x0800e64f   Thumb Code    82  stm32f10x_tim.o(.text)
    TIM_UpdateDisableConfig                  0x0800e6a1   Thumb Code    24  stm32f10x_tim.o(.text)
    TIM_UpdateRequestConfig                  0x0800e6b9   Thumb Code    24  stm32f10x_tim.o(.text)
    TIM_SelectHallSensor                     0x0800e6d1   Thumb Code    24  stm32f10x_tim.o(.text)
    TIM_SelectOnePulseMode                   0x0800e6e9   Thumb Code    18  stm32f10x_tim.o(.text)
    TIM_SelectOutputTrigger                  0x0800e6fb   Thumb Code    18  stm32f10x_tim.o(.text)
    TIM_SelectSlaveMode                      0x0800e70d   Thumb Code    18  stm32f10x_tim.o(.text)
    TIM_SelectMasterSlaveMode                0x0800e71f   Thumb Code    18  stm32f10x_tim.o(.text)
    TIM_SetCounter                           0x0800e731   Thumb Code     4  stm32f10x_tim.o(.text)
    TIM_SetAutoreload                        0x0800e735   Thumb Code     4  stm32f10x_tim.o(.text)
    TIM_SetCompare1                          0x0800e739   Thumb Code     4  stm32f10x_tim.o(.text)
    TIM_SetCompare2                          0x0800e73d   Thumb Code     4  stm32f10x_tim.o(.text)
    TIM_SetCompare3                          0x0800e741   Thumb Code     4  stm32f10x_tim.o(.text)
    TIM_SetCompare4                          0x0800e745   Thumb Code     6  stm32f10x_tim.o(.text)
    TIM_SetClockDivision                     0x0800e74b   Thumb Code    18  stm32f10x_tim.o(.text)
    TIM_GetCapture1                          0x0800e75d   Thumb Code     6  stm32f10x_tim.o(.text)
    TIM_GetCapture2                          0x0800e763   Thumb Code     6  stm32f10x_tim.o(.text)
    TIM_GetCapture3                          0x0800e769   Thumb Code     6  stm32f10x_tim.o(.text)
    TIM_GetCapture4                          0x0800e76f   Thumb Code     8  stm32f10x_tim.o(.text)
    TIM_GetCounter                           0x0800e777   Thumb Code     6  stm32f10x_tim.o(.text)
    TIM_GetPrescaler                         0x0800e77d   Thumb Code     6  stm32f10x_tim.o(.text)
    TIM_GetFlagStatus                        0x0800e783   Thumb Code    18  stm32f10x_tim.o(.text)
    TIM_ClearFlag                            0x0800e795   Thumb Code     6  stm32f10x_tim.o(.text)
    TIM_GetITStatus                          0x0800e79b   Thumb Code    34  stm32f10x_tim.o(.text)
    TIM_ClearITPendingBit                    0x0800e7bd   Thumb Code     6  stm32f10x_tim.o(.text)
    ADC_DeInit                               0x0800e7c5   Thumb Code    78  stm32f10x_adc.o(.text)
    ADC_Init                                 0x0800e813   Thumb Code    70  stm32f10x_adc.o(.text)
    ADC_StructInit                           0x0800e859   Thumb Code    18  stm32f10x_adc.o(.text)
    ADC_Cmd                                  0x0800e86b   Thumb Code    22  stm32f10x_adc.o(.text)
    ADC_DMACmd                               0x0800e881   Thumb Code    22  stm32f10x_adc.o(.text)
    ADC_ITConfig                             0x0800e897   Thumb Code    24  stm32f10x_adc.o(.text)
    ADC_ResetCalibration                     0x0800e8af   Thumb Code    10  stm32f10x_adc.o(.text)
    ADC_GetResetCalibrationStatus            0x0800e8b9   Thumb Code    20  stm32f10x_adc.o(.text)
    ADC_StartCalibration                     0x0800e8cd   Thumb Code    10  stm32f10x_adc.o(.text)
    ADC_GetCalibrationStatus                 0x0800e8d7   Thumb Code    20  stm32f10x_adc.o(.text)
    ADC_SoftwareStartConvCmd                 0x0800e8eb   Thumb Code    22  stm32f10x_adc.o(.text)
    ADC_GetSoftwareStartConvStatus           0x0800e901   Thumb Code    20  stm32f10x_adc.o(.text)
    ADC_DiscModeChannelCountConfig           0x0800e915   Thumb Code    24  stm32f10x_adc.o(.text)
    ADC_DiscModeCmd                          0x0800e92d   Thumb Code    22  stm32f10x_adc.o(.text)
    ADC_RegularChannelConfig                 0x0800e943   Thumb Code   184  stm32f10x_adc.o(.text)
    ADC_ExternalTrigConvCmd                  0x0800e9fb   Thumb Code    22  stm32f10x_adc.o(.text)
    ADC_GetConversionValue                   0x0800ea11   Thumb Code     8  stm32f10x_adc.o(.text)
    ADC_GetDualModeConversionValue           0x0800ea19   Thumb Code     8  stm32f10x_adc.o(.text)
    ADC_AutoInjectedConvCmd                  0x0800ea21   Thumb Code    22  stm32f10x_adc.o(.text)
    ADC_InjectedDiscModeCmd                  0x0800ea37   Thumb Code    22  stm32f10x_adc.o(.text)
    ADC_ExternalTrigInjectedConvConfig       0x0800ea4d   Thumb Code    16  stm32f10x_adc.o(.text)
    ADC_ExternalTrigInjectedConvCmd          0x0800ea5d   Thumb Code    22  stm32f10x_adc.o(.text)
    ADC_SoftwareStartInjectedConvCmd         0x0800ea73   Thumb Code    22  stm32f10x_adc.o(.text)
    ADC_GetSoftwareStartInjectedConvCmdStatus 0x0800ea89   Thumb Code    20  stm32f10x_adc.o(.text)
    ADC_InjectedChannelConfig                0x0800ea9d   Thumb Code   130  stm32f10x_adc.o(.text)
    ADC_InjectedSequencerLengthConfig        0x0800eb1f   Thumb Code    24  stm32f10x_adc.o(.text)
    ADC_SetInjectedOffset                    0x0800eb37   Thumb Code    20  stm32f10x_adc.o(.text)
    ADC_GetInjectedConversionValue           0x0800eb4b   Thumb Code    28  stm32f10x_adc.o(.text)
    ADC_AnalogWatchdogCmd                    0x0800eb67   Thumb Code    16  stm32f10x_adc.o(.text)
    ADC_AnalogWatchdogThresholdsConfig       0x0800eb77   Thumb Code     6  stm32f10x_adc.o(.text)
    ADC_AnalogWatchdogSingleChannelConfig    0x0800eb7d   Thumb Code    16  stm32f10x_adc.o(.text)
    ADC_TempSensorVrefintCmd                 0x0800eb8d   Thumb Code    64  stm32f10x_adc.o(.text)
    ADC_GetFlagStatus                        0x0800ebcd   Thumb Code    18  stm32f10x_adc.o(.text)
    ADC_ClearFlag                            0x0800ebdf   Thumb Code     6  stm32f10x_adc.o(.text)
    ADC_GetITStatus                          0x0800ebe5   Thumb Code    36  stm32f10x_adc.o(.text)
    ADC_ClearITPendingBit                    0x0800ec09   Thumb Code    10  stm32f10x_adc.o(.text)
    DMA_DeInit                               0x0800ec15   Thumb Code   324  stm32f10x_dma.o(.text)
    DMA_Init                                 0x0800ed59   Thumb Code    60  stm32f10x_dma.o(.text)
    DMA_StructInit                           0x0800ed95   Thumb Code    26  stm32f10x_dma.o(.text)
    DMA_Cmd                                  0x0800edaf   Thumb Code    24  stm32f10x_dma.o(.text)
    DMA_ITConfig                             0x0800edc7   Thumb Code    18  stm32f10x_dma.o(.text)
    DMA_SetCurrDataCounter                   0x0800edd9   Thumb Code     4  stm32f10x_dma.o(.text)
    DMA_GetCurrDataCounter                   0x0800eddd   Thumb Code     8  stm32f10x_dma.o(.text)
    DMA_GetFlagStatus                        0x0800ede5   Thumb Code    40  stm32f10x_dma.o(.text)
    DMA_ClearFlag                            0x0800ee0d   Thumb Code    22  stm32f10x_dma.o(.text)
    DMA_GetITStatus                          0x0800ee23   Thumb Code    40  stm32f10x_dma.o(.text)
    DMA_ClearITPendingBit                    0x0800ee4b   Thumb Code    22  stm32f10x_dma.o(.text)
    OS_TaskStatStkChk                        0x0800ee69   Thumb Code    54  os_core.o(.text)
    OS_TaskStat                              0x0800ee9f   Thumb Code   116  os_core.o(.text)
    OS_TaskIdle                              0x0800ef47   Thumb Code    34  os_core.o(.text)
    OS_MemClr                                0x0800ef9d   Thumb Code    18  os_core.o(.text)
    OSInit                                   0x0800f0bb   Thumb Code    48  os_core.o(.text)
    OSIntEnter                               0x0800f0eb   Thumb Code    28  os_core.o(.text)
    OSIntExit                                0x0800f121   Thumb Code   112  os_core.o(.text)
    OSSchedLock                              0x0800f191   Thumb Code    50  os_core.o(.text)
    OS_Sched                                 0x0800f1c3   Thumb Code    88  os_core.o(.text)
    OSSchedUnlock                            0x0800f21b   Thumb Code   238  os_core.o(.text)
    OSStart                                  0x0800f309   Thumb Code    48  os_core.o(.text)
    OSStatInit                               0x0800f339   Thumb Code    62  os_core.o(.text)
    OSTimeTick                               0x0800f377   Thumb Code   210  os_core.o(.text)
    OSVersion                                0x0800f449   Thumb Code     6  os_core.o(.text)
    OS_Dummy                                 0x0800f44f   Thumb Code     2  os_core.o(.text)
    OS_EventTaskRemove                       0x0800f451   Thumb Code    42  os_core.o(.text)
    OS_EventTaskRdy                          0x0800f47b   Thumb Code   114  os_core.o(.text)
    OS_EventTaskWait                         0x0800f4ed   Thumb Code   112  os_core.o(.text)
    OS_EventWaitListInit                     0x0800f55d   Thumb Code    28  os_core.o(.text)
    OS_MemCopy                               0x0800f579   Thumb Code    20  os_core.o(.text)
    OS_StrLen                                0x0800f58d   Thumb Code    20  os_core.o(.text)
    OS_TCBInit                               0x0800f5a1   Thumb Code   280  os_core.o(.text)
    OSFlagAccept                             0x0800f6fd   Thumb Code   252  os_flag.o(.text)
    OSFlagCreate                             0x0800f7f9   Thumb Code    86  os_flag.o(.text)
    OS_FlagUnlink                            0x0800f84f   Thumb Code    36  os_flag.o(.text)
    OSFlagDel                                0x0800f8c5   Thumb Code   214  os_flag.o(.text)
    OSFlagNameGet                            0x0800f99b   Thumb Code    80  os_flag.o(.text)
    OSFlagNameSet                            0x0800f9eb   Thumb Code    66  os_flag.o(.text)
    OSFlagPend                               0x0800fac5   Thumb Code   614  os_flag.o(.text)
    OSFlagPendGetFlagsRdy                    0x0800fd2b   Thumb Code    26  os_flag.o(.text)
    OSFlagPost                               0x0800fd45   Thumb Code   312  os_flag.o(.text)
    OSFlagQuery                              0x0800fe7d   Thumb Code    48  os_flag.o(.text)
    OS_FlagInit                              0x0800fead   Thumb Code    78  os_flag.o(.text)
    OSMboxAccept                             0x0800ff09   Thumb Code    38  os_mbox.o(.text)
    OSMboxCreate                             0x0800ff2f   Thumb Code    68  os_mbox.o(.text)
    OSMboxDel                                0x0800ff73   Thumb Code   200  os_mbox.o(.text)
    OSMboxPend                               0x0801003b   Thumb Code   246  os_mbox.o(.text)
    OSMboxPendAbort                          0x08010131   Thumb Code   128  os_mbox.o(.text)
    OSMboxPost                               0x080101b1   Thumb Code    80  os_mbox.o(.text)
    OSMboxPostOpt                            0x08010201   Thumb Code   120  os_mbox.o(.text)
    OSMboxQuery                              0x08010279   Thumb Code    76  os_mbox.o(.text)
    OSQAccept                                0x080102d5   Thumb Code    88  os_q.o(.text)
    OSQCreate                                0x0801032d   Thumb Code   140  os_q.o(.text)
    OSQDel                                   0x080103b9   Thumb Code   236  os_q.o(.text)
    OSQFlush                                 0x080104a5   Thumb Code    36  os_q.o(.text)
    OSQPend                                  0x080104c9   Thumb Code   272  os_q.o(.text)
    OSQPendAbort                             0x080105d9   Thumb Code   128  os_q.o(.text)
    OSQPost                                  0x08010659   Thumb Code   114  os_q.o(.text)
    OSQPostFront                             0x080106cb   Thumb Code   136  os_q.o(.text)
    OSQPostOpt                               0x08010753   Thumb Code   182  os_q.o(.text)
    OSQQuery                                 0x08010809   Thumb Code    98  os_q.o(.text)
    OS_QInit                                 0x0801086b   Thumb Code    72  os_q.o(.text)
    OSSemAccept                              0x080108bd   Thumb Code    42  os_sem.o(.text)
    OSSemCreate                              0x080108e7   Thumb Code    68  os_sem.o(.text)
    OSSemDel                                 0x0801092b   Thumb Code   200  os_sem.o(.text)
    OSSemPend                                0x080109f3   Thumb Code   222  os_sem.o(.text)
    OSSemPendAbort                           0x08010ad1   Thumb Code   128  os_sem.o(.text)
    OSSemPost                                0x08010b51   Thumb Code    88  os_sem.o(.text)
    OSSemQuery                               0x08010ba9   Thumb Code    76  os_sem.o(.text)
    OSSemSet                                 0x08010bf5   Thumb Code    66  os_sem.o(.text)
    OSTaskChangePrio                         0x08010c49   Thumb Code   308  os_task.o(.text)
    OSTaskCreate                             0x08010d7d   Thumb Code   148  os_task.o(.text)
    OS_TaskStkClr                            0x08010e11   Thumb Code    26  os_task.o(.text)
    OSTaskCreateExt                          0x08010e2b   Thumb Code   170  os_task.o(.text)
    OSTaskDel                                0x08010ed5   Thumb Code   294  os_task.o(.text)
    OSTaskDelReq                             0x08010ffb   Thumb Code   144  os_task.o(.text)
    OSTaskNameGet                            0x0801108b   Thumb Code   114  os_task.o(.text)
    OSTaskNameSet                            0x080110fd   Thumb Code    98  os_task.o(.text)
    OSTaskResume                             0x0801115f   Thumb Code   154  os_task.o(.text)
    OSTaskStkChk                             0x080111f9   Thumb Code   132  os_task.o(.text)
    OSTaskSuspend                            0x0801127d   Thumb Code   152  os_task.o(.text)
    OSTaskQuery                              0x08011315   Thumb Code    82  os_task.o(.text)
    OSTaskRegGet                             0x08011367   Thumb Code    60  os_task.o(.text)
    OSTaskRegSet                             0x080113a3   Thumb Code    62  os_task.o(.text)
    OS_TaskReturn                            0x080113e1   Thumb Code    18  os_task.o(.text)
    OSTimeDly                                0x0801140d   Thumb Code   100  os_time.o(.text)
    OSTimeDlyHMSM                            0x08011471   Thumb Code    86  os_time.o(.text)
    OSTimeDlyResume                          0x080114c7   Thumb Code   168  os_time.o(.text)
    OSTimeGet                                0x0801156f   Thumb Code    24  os_time.o(.text)
    OSTimeSet                                0x08011587   Thumb Code    24  os_time.o(.text)
    OSTmrCreate                              0x080115ef   Thumb Code    96  os_tmr.o(.text)
    OSTmrDel                                 0x080116c7   Thumb Code   124  os_tmr.o(.text)
    OSTmrNameGet                             0x08011743   Thumb Code   114  os_tmr.o(.text)
    OSTmrRemainGet                           0x080117b5   Thumb Code   164  os_tmr.o(.text)
    OSTmrStateGet                            0x08011859   Thumb Code    86  os_tmr.o(.text)
    OSTmrStart                               0x08011913   Thumb Code   128  os_tmr.o(.text)
    OSTmrStop                                0x08011993   Thumb Code   210  os_tmr.o(.text)
    OSTmrSignal                              0x08011a65   Thumb Code    16  os_tmr.o(.text)
    OSTmr_Init                               0x08011b19   Thumb Code   152  os_tmr.o(.text)
    OS_CPU_SR_Save                           0x08011bf1   Thumb Code     0  os_cpu_a.o(.text)
    OS_CPU_SR_Restore                        0x08011bf9   Thumb Code     0  os_cpu_a.o(.text)
    OSStartHighRdy                           0x08011bff   Thumb Code     0  os_cpu_a.o(.text)
    OSCtxSw                                  0x08011c21   Thumb Code     0  os_cpu_a.o(.text)
    OSIntCtxSw                               0x08011c2f   Thumb Code     0  os_cpu_a.o(.text)
    PendSV_Handler                           0x08011c3f   Thumb Code     0  os_cpu_a.o(.text)
    OSInitHookBegin                          0x08011ca5   Thumb Code     8  os_cpu_c.o(.text)
    OSInitHookEnd                            0x08011cad   Thumb Code     2  os_cpu_c.o(.text)
    OSTaskCreateHook                         0x08011caf   Thumb Code     2  os_cpu_c.o(.text)
    OSTaskDelHook                            0x08011cb1   Thumb Code     2  os_cpu_c.o(.text)
    OSTaskIdleHook                           0x08011cb3   Thumb Code     2  os_cpu_c.o(.text)
    OSTaskStatHook                           0x08011cb5   Thumb Code     2  os_cpu_c.o(.text)
    OSTaskStkInit                            0x08011cb7   Thumb Code   154  os_cpu_c.o(.text)
    OSTaskSwHook                             0x08011d51   Thumb Code     2  os_cpu_c.o(.text)
    OSTCBInitHook                            0x08011d53   Thumb Code     2  os_cpu_c.o(.text)
    OSTimeTickHook                           0x08011d55   Thumb Code    30  os_cpu_c.o(.text)
    OSTaskReturnHook                         0x08011d73   Thumb Code     2  os_cpu_c.o(.text)
    strcmp                                   0x08011d79   Thumb Code    28  strcmp.o(.text)
    __aeabi_fadd                             0x08011d95   Thumb Code   164  fadd.o(.text)
    __aeabi_fsub                             0x08011e39   Thumb Code     6  fadd.o(.text)
    __aeabi_frsub                            0x08011e3f   Thumb Code     6  fadd.o(.text)
    __aeabi_fmul                             0x08011e45   Thumb Code   100  fmul.o(.text)
    __aeabi_fdiv                             0x08011ea9   Thumb Code   124  fdiv.o(.text)
    __aeabi_dadd                             0x08011f25   Thumb Code   322  dadd.o(.text)
    __aeabi_dsub                             0x08012067   Thumb Code     6  dadd.o(.text)
    __aeabi_drsub                            0x0801206d   Thumb Code     6  dadd.o(.text)
    __aeabi_dmul                             0x08012073   Thumb Code   228  dmul.o(.text)
    __aeabi_ddiv                             0x08012157   Thumb Code   222  ddiv.o(.text)
    __aeabi_i2f                              0x08012235   Thumb Code    18  fflti.o(.text)
    __aeabi_ui2f                             0x08012247   Thumb Code    10  ffltui.o(.text)
    __aeabi_i2d                              0x08012251   Thumb Code    34  dflti.o(.text)
    __aeabi_ui2d                             0x08012273   Thumb Code    26  dfltui.o(.text)
    __aeabi_f2iz                             0x0801228d   Thumb Code    50  ffixi.o(.text)
    __aeabi_f2uiz                            0x080122bf   Thumb Code    40  ffixui.o(.text)
    __aeabi_d2uiz                            0x080122e7   Thumb Code    50  dfixui.o(.text)
    __aeabi_f2d                              0x08012319   Thumb Code    38  f2d.o(.text)
    __aeabi_cdcmpeq                          0x08012341   Thumb Code     0  cdcmple.o(.text)
    __aeabi_cdcmple                          0x08012341   Thumb Code    48  cdcmple.o(.text)
    __aeabi_cdrcmple                         0x08012371   Thumb Code    48  cdrcmple.o(.text)
    __aeabi_d2f                              0x080123a1   Thumb Code    56  d2f.o(.text)
    __aeabi_cfcmpeq                          0x080123d9   Thumb Code     0  cfcmple.o(.text)
    __aeabi_cfcmple                          0x080123d9   Thumb Code    20  cfcmple.o(.text)
    __aeabi_cfrcmple                         0x080123ed   Thumb Code    20  cfrcmple.o(.text)
    __aeabi_uldivmod                         0x08012401   Thumb Code    98  uldiv.o(.text)
    __aeabi_llsl                             0x08012463   Thumb Code    30  llshl.o(.text)
    _ll_shift_l                              0x08012463   Thumb Code     0  llshl.o(.text)
    __aeabi_llsr                             0x08012481   Thumb Code    32  llushr.o(.text)
    _ll_ushift_r                             0x08012481   Thumb Code     0  llushr.o(.text)
    __aeabi_lasr                             0x080124a1   Thumb Code    36  llsshr.o(.text)
    _ll_sshift_r                             0x080124a1   Thumb Code     0  llsshr.o(.text)
    __I$use$fp                               0x080124c5   Thumb Code     0  iusefp.o(.text)
    _float_round                             0x080124c5   Thumb Code    18  fepilogue.o(.text)
    _float_epilogue                          0x080124d7   Thumb Code    92  fepilogue.o(.text)
    _double_round                            0x08012533   Thumb Code    30  depilogue.o(.text)
    _double_epilogue                         0x08012551   Thumb Code   156  depilogue.o(.text)
    _dsqrt                                   0x080125ed   Thumb Code   162  dsqrt.o(.text)
    __scatterload                            0x08012691   Thumb Code    28  init.o(.text)
    __scatterload_rt2                        0x08012691   Thumb Code     0  init.o(.text)
    __decompress                             0x080126b5   Thumb Code     0  __dclz77c.o(.text)
    __decompress2                            0x080126b5   Thumb Code    94  __dclz77c.o(.text)
    __0printf$5                              0x08012715   Thumb Code    22  printf5.o(i.__0printf$5)
    __1printf$5                              0x08012715   Thumb Code     0  printf5.o(i.__0printf$5)
    __2printf                                0x08012715   Thumb Code     0  printf5.o(i.__0printf$5)
    __scatterload_copy                       0x08012735   Thumb Code    14  handlers.o(i.__scatterload_copy)
    __scatterload_null                       0x08012743   Thumb Code     2  handlers.o(i.__scatterload_null)
    __scatterload_zeroinit                   0x08012745   Thumb Code    14  handlers.o(i.__scatterload_zeroinit)
    __set_errno                              0x08012755   Thumb Code     6  errno.o(i.__set_errno)
    sqrt                                     0x08012a21   Thumb Code    76  sqrt.o(i.sqrt)
    asc2_1206                                0x08012a6c   Data        1140  lcd.o(.constdata)
    asc2_1608                                0x08012ee0   Data        1520  lcd.o(.constdata)
    TP_REMIND_MSG_TBL                        0x080134d0   Data           4  touch.o(.constdata)
    OTT_TPX_TBL                              0x080134d4   Data          10  ott2001a.o(.constdata)
    FT5206_TPX_TBL                           0x080134de   Data          10  ft5206.o(.constdata)
    GT9147_CFG_TBL                           0x080134e8   Data         184  gt9147.o(.constdata)
    GT9147_TPX_TBL                           0x080135a0   Data          10  gt9147.o(.constdata)
    ascii_1206                               0x080135aa   Data        1140  oled.o(.constdata)
    ascii_1608                               0x08013a1e   Data        1520  oled.o(.constdata)
    ascii_2412                               0x0801400e   Data        3420  oled.o(.constdata)
    FontHzk                                  0x08014d6a   Data         192  oled.o(.constdata)
    gImage_sss                               0x08014e2a   Data       151680  sss.o(.constdata)
    OSUnMapTbl                               0x08039eaa   Data         256  os_core.o(.constdata)
    Region$$Table$$Base                      0x0803a028   Number         0  anon$$obj.o(Region$$Table)
    Region$$Table$$Limit                     0x0803a048   Number         0  anon$$obj.o(Region$$Table)
    initshow                                 0x20000000   Data           1  main.o(.data)
    startshow_ECB                            0x20000004   Data           4  main.o(.data)
    page_ECB                                 0x20000008   Data           4  main.o(.data)
    initshow_ECB                             0x2000000c   Data           4  main.o(.data)
    sem_start                                0x20000010   Data           4  main.o(.data)
    sysbufer                                 0x20000014   Data           2  stm32f10x_it.o(.data)
    SysTimer                                 0x20000018   Data           4  stm32f10x_it.o(.data)
    SystemCoreClock                          0x2000001c   Data           4  system_stm32f10x.o(.data)
    AHBPrescTable                            0x20000020   Data          16  system_stm32f10x.o(.data)
    KEY_Sys_Timer                            0x20000030   Data           4  key.o(.data)
    Keycode                                  0x20000034   Data           4  key.o(.data)
    SystemTime                               0x20000038   Data           4  key.o(.data)
    KEY_Time                                 0x2000003c   Data           4  key.o(.data)
    key_Trgtime                              0x20000040   Data           4  key.o(.data)
    KEY_Trg                                  0x20000044   Data           4  key.o(.data)
    KEY_Cont                                 0x20000048   Data           4  key.o(.data)
    Trg_state                                0x2000004c   Data           4  key.o(.data)
    POINT_COLOR                              0x20000052   Data           2  lcd.o(.data)
    BACK_COLOR                               0x20000054   Data           2  lcd.o(.data)
    tp_dev                                   0x20000058   Data          52  touch.o(.data)
    CMD_RDX                                  0x2000008c   Data           1  touch.o(.data)
    CMD_RDY                                  0x2000008d   Data           1  touch.o(.data)
    TableFFT                                 0x20000094   Data        4080  chart.o(.data)
    Mag_max                                  0x20001084   Data           4  chart.o(.data)
    ADC_DataNum                              0x20001088   Data           2  chart.o(.data)
    Fn_Num                                   0x2000108a   Data           2  chart.o(.data)
    fir_coefs                                0x2000108c   Data           8  chart.o(.data)
    ADC_flag                                 0x20001094   Data           2  chart.o(.data)
    ii                                       0x20001096   Data           2  chart.o(.data)
    xx                                       0x20001098   Data           2  chart.o(.data)
    yy                                       0x2000109a   Data           2  chart.o(.data)
    mm                                       0x2000109c   Data           2  chart.o(.data)
    keyread                                  0x2000109e   Data           2  chart.o(.data)
    j                                        0x200010a0   Data           2  device.o(.data)
    x                                        0x200010a2   Data           2  device.o(.data)
    y                                        0x200010a4   Data           2  device.o(.data)
    m                                        0x200010a6   Data           2  device.o(.data)
    flag                                     0x200010a8   Data           2  device.o(.data)
    fil                                      0x200010ac   Data           4  device.o(.data)
    max                                      0x200010b0   Data           4  device.o(.data)
    min                                      0x200010b4   Data           4  device.o(.data)
    ro                                       0x200010b8   Data           4  device.o(.data)
    ave                                      0x200010bc   Data           2  device.o(.data)
    ri                                       0x200010be   Data           2  device.o(.data)
    v1ave                                    0x200010c0   Data           2  device.o(.data)
    v2ave                                    0x200010c2   Data           2  device.o(.data)
    key_read                                 0x200010c4   Data           1  device.o(.data)
    item3                                    0x200010c8   Data           4  device.o(.data)
    mid                                      0x200010cc   Data           4  device.o(.data)
    Vb                                       0x200010d0   Data           2  device.o(.data)
    Ie                                       0x200010d2   Data           2  device.o(.data)
    rbe                                      0x200010d4   Data           2  device.o(.data)
    B                                        0x200010d6   Data           2  device.o(.data)
    db                                       0x200010d8   Data           2  device.o(.data)
    PA1max                                   0x200010dc   Data           4  device.o(.data)
    PA2max                                   0x200010e0   Data           4  device.o(.data)
    PA3max                                   0x200010e4   Data           4  device.o(.data)
    PA4max                                   0x200010e8   Data           4  device.o(.data)
    PA2min                                   0x200010ec   Data           4  device.o(.data)
    PA1min                                   0x200010f0   Data           4  device.o(.data)
    PA2ff                                    0x200010f4   Data           4  device.o(.data)
    PA1ff                                    0x200010f8   Data           4  device.o(.data)
    esmax                                    0x200010fc   Data           2  device.o(.data)
    esmin                                    0x200010fe   Data           2  device.o(.data)
    esdc                                     0x20001100   Data           2  device.o(.data)
    esac                                     0x20001102   Data           2  device.o(.data)
    i                                        0x20001104   Data           2  device.o(.data)
    Task_Index                               0x20001108   Data           1  task_manage.o(.data)
    Param_Mode                               0x20001109   Data           1  task_manage.o(.data)
    P_Index                                  0x2000110a   Data           1  task_manage.o(.data)
    Task_First                               0x2000110b   Data           1  task_manage.o(.data)
    _return                                  0x2000110c   Data           1  task_manage.o(.data)
    SinFre                                   0x20001110   Data          20  task_manage.o(.data)
    sinfre                                   0x20001124   Data           4  task_manage.o(.data)
    sina                                     0x20001128   Data           4  task_manage.o(.data)
    SinAmp                                   0x2000112c   Data          20  task_manage.o(.data)
    SinAmp0                                  0x20001140   Data           4  task_manage.o(.data)
    SinPhr                                   0x20001144   Data          20  task_manage.o(.data)
    SinFre0                                  0x20001158   Data          16  task_manage.o(.data)
    SweepMinFre                              0x20001168   Data           4  task_manage.o(.data)
    SweepMaxFre                              0x2000116c   Data           4  task_manage.o(.data)
    SweepStepFre                             0x20001170   Data           4  task_manage.o(.data)
    SweepTime                                0x20001174   Data           2  task_manage.o(.data)
    SweepFlag                                0x20001176   Data           1  task_manage.o(.data)
    count                                    0x20001184   Data           4  timer.o(.data)
    NowFre                                   0x20001188   Data           4  timer.o(.data)
    count1                                   0x2000118c   Data           4  timer.o(.data)
    CSR_DATA0                                0x20001190   Data           1  ad9959.o(.data)
    CSR_DATA1                                0x20001191   Data           1  ad9959.o(.data)
    CSR_DATA2                                0x20001192   Data           1  ad9959.o(.data)
    CSR_DATA3                                0x20001193   Data           1  ad9959.o(.data)
    FR2_DATA                                 0x20001194   Data           2  ad9959.o(.data)
    CFR_DATA                                 0x20001196   Data           3  ad9959.o(.data)
    CPOW0_DATA                               0x20001199   Data           2  ad9959.o(.data)
    LSRR_DATA                                0x2000119b   Data           2  ad9959.o(.data)
    RDW_DATA                                 0x2000119d   Data           4  ad9959.o(.data)
    FDW_DATA                                 0x200011a1   Data           4  ad9959.o(.data)
    __stdout                                 0x200011ac   Data           4  usart.o(.data)
    USART_RX_STA                             0x200011b0   Data           2  usart.o(.data)
    OSCtxSwCtr                               0x200011c8   Data           4  os_core.o(.data)
    OSEventFreeList                          0x200011cc   Data           4  os_core.o(.data)
    OSFlagFreeList                           0x200011d0   Data           4  os_core.o(.data)
    OSCPUUsage                               0x200011d4   Data           1  os_core.o(.data)
    OSIdleCtrMax                             0x200011d8   Data           4  os_core.o(.data)
    OSIdleCtrRun                             0x200011dc   Data           4  os_core.o(.data)
    OSStatRdy                                0x200011e0   Data           1  os_core.o(.data)
    OSIntNesting                             0x200011e1   Data           1  os_core.o(.data)
    OSLockNesting                            0x200011e2   Data           1  os_core.o(.data)
    OSPrioCur                                0x200011e3   Data           1  os_core.o(.data)
    OSPrioHighRdy                            0x200011e4   Data           1  os_core.o(.data)
    OSRdyGrp                                 0x200011e5   Data           1  os_core.o(.data)
    OSRdyTbl                                 0x200011e6   Data           8  os_core.o(.data)
    OSRunning                                0x200011ee   Data           1  os_core.o(.data)
    OSTaskCtr                                0x200011ef   Data           1  os_core.o(.data)
    OSIdleCtr                                0x200011f0   Data           4  os_core.o(.data)
    OSTCBCur                                 0x200011f4   Data           4  os_core.o(.data)
    OSTCBFreeList                            0x200011f8   Data           4  os_core.o(.data)
    OSTCBHighRdy                             0x200011fc   Data           4  os_core.o(.data)
    OSTCBList                                0x20001200   Data           4  os_core.o(.data)
    OSTickStepState                          0x20001204   Data           1  os_core.o(.data)
    OSQFreeList                              0x20001208   Data           4  os_core.o(.data)
    OSTime                                   0x2000120c   Data           4  os_core.o(.data)
    OSTmrFree                                0x20001210   Data           2  os_core.o(.data)
    OSTmrUsed                                0x20001212   Data           2  os_core.o(.data)
    OSTmrTime                                0x20001214   Data           4  os_core.o(.data)
    OSTmrSem                                 0x20001218   Data           4  os_core.o(.data)
    OSTmrSemSignal                           0x2000121c   Data           4  os_core.o(.data)
    OSTmrFreeList                            0x20001220   Data           4  os_core.o(.data)
    OSInterrputSum                           0x20001224   Data           4  os_cpu_c.o(.data)
    START_TASK_STK                           0x20001230   Data         256  main.o(.bss)
    TOUCH_TASK_STK                           0x20001330   Data         512  main.o(.bss)
    KEY_TASK_STK                             0x20001530   Data         512  main.o(.bss)
    MAIN_TASK_STK                            0x20001730   Data        1024  main.o(.bss)
    value1                                   0x20001b30   Data         400  key.o(.bss)
    lcddev                                   0x20001cc0   Data          14  lcd.o(.bss)
    ADC_ConvertedValue                       0x20001cce   Data        2048  adc.o(.bss)
    ADC_input                                0x200024d0   Data        2048  chart.o(.bss)
    input                                    0x20002cd0   Data        4096  chart.o(.bss)
    output                                   0x20003cd0   Data        4096  chart.o(.bss)
    Mag                                      0x20004cd0   Data        4096  chart.o(.bss)
    Fn                                       0x20005cd0   Data        2048  chart.o(.bss)
    value                                    0x200064d0   Data         800  device.o(.bss)
    v1                                       0x200067f0   Data         240  device.o(.bss)
    v2                                       0x200068e0   Data         240  device.o(.bss)
    v3                                       0x200069d0   Data         240  device.o(.bss)
    PA4                                      0x20006ac0   Data         240  device.o(.bss)
    es                                       0x20006bb0   Data         200  device.o(.bss)
    OLED_GRAM                                0x20006c78   Data        1024  oled.o(.bss)
    USART_RX_BUF                             0x20007078   Data         200  usart.o(.bss)
    OSEventTbl                               0x20007140   Data         200  os_core.o(.bss)
    OSFlagTbl                                0x20007208   Data          80  os_core.o(.bss)
    OSTaskStatStk                            0x20007258   Data         512  os_core.o(.bss)
    OSTaskIdleStk                            0x20007458   Data         512  os_core.o(.bss)
    OSTCBPrioTbl                             0x20007658   Data         256  os_core.o(.bss)
    OSTCBTbl                                 0x20007758   Data        1008  os_core.o(.bss)
    OSQTbl                                   0x20007b48   Data         120  os_core.o(.bss)
    OSTmrTbl                                 0x20007bc0   Data         640  os_core.o(.bss)
    OSTmrTaskStk                             0x20007e40   Data         512  os_core.o(.bss)
    OSTmrWheelTbl                            0x20008040   Data          64  os_core.o(.bss)
    __initial_sp                             0x20008480   Data           0  startup_stm32f10x_hd.o(STACK)
    mem2base                                 0x68000000   Data       983040  malloc.o(.ARM.__AT_0x68000000)
    mem2mapbase                              0x680f0000   Data       61440  malloc.o(.ARM.__AT_0x680F0000)



==============================================================================

Memory Map of the image

  Image Entry point : 0x08000131

  Load Region LR_IROM1 (Base: 0x08000000, Size: 0x0003b278, Max: 0x00080000, ABSOLUTE, COMPRESSED[0x0003ace0])

    Execution Region ER_IROM1 (Base: 0x08000000, Size: 0x0003a048, Max: 0x00080000, ABSOLUTE)

    Base Addr    Size         Type   Attr      Idx    E Section Name        Object

    0x08000000   0x00000130   Data   RO          771    RESET               startup_stm32f10x_hd.o
    0x08000130   0x00000000   Code   RO         1245  * .ARM.Collect$$$$00000000  mc_w.l(entry.o)
    0x08000130   0x00000004   Code   RO         1588    .ARM.Collect$$$$00000001  mc_w.l(entry2.o)
    0x08000134   0x00000004   Code   RO         1591    .ARM.Collect$$$$00000004  mc_w.l(entry5.o)
    0x08000138   0x00000000   Code   RO         1593    .ARM.Collect$$$$00000008  mc_w.l(entry7b.o)
    0x08000138   0x00000000   Code   RO         1595    .ARM.Collect$$$$0000000A  mc_w.l(entry8b.o)
    0x08000138   0x00000008   Code   RO         1596    .ARM.Collect$$$$0000000B  mc_w.l(entry9a.o)
    0x08000140   0x00000000   Code   RO         1598    .ARM.Collect$$$$0000000D  mc_w.l(entry10a.o)
    0x08000140   0x00000000   Code   RO         1600    .ARM.Collect$$$$0000000F  mc_w.l(entry11a.o)
    0x08000140   0x00000004   Code   RO         1589    .ARM.Collect$$$$00002712  mc_w.l(entry2.o)
    0x08000144   0x000004f8   Code   RO            1    .text               main.o
    0x0800063c   0x00000080   Code   RO          196    .text               stm32f10x_it.o
    0x080006bc   0x000001e0   Code   RO          244    .text               system_stm32f10x.o
    0x0800089c   0x00000038   Code   RO          262    .text               led.o
    0x080008d4   0x000005ac   Code   RO          274    .text               key.o
    0x08000e80   0x000048be   Code   RO          309    .text               lcd.o
    0x0800573e   0x00000002   PAD
    0x08005740   0x0000026c   Code   RO          336    .text               myiic.o
    0x080059ac   0x0000017a   Code   RO          351    .text               24cxx.o
    0x08005b26   0x00000002   PAD
    0x08005b28   0x00000fb4   Code   RO          404    .text               touch.o
    0x08006adc   0x00000284   Code   RO          428    .text               ctiic.o
    0x08006d60   0x0000036c   Code   RO          443    .text               ott2001a.o
    0x080070cc   0x00000338   Code   RO          459    .text               ft5206.o
    0x08007404   0x00000458   Code   RO          478    .text               gt9147.o
    0x0800785c   0x00000274   Code   RO          515    .text               adc.o
    0x08007ad0   0x00000860   Code   RO          533    .text               chart.o
    0x08008330   0x00002224   Code   RO          556    .text               device.o
    0x0800a554   0x000011e0   Code   RO          573    .text               cr4_fft_1024_stm32.o
    0x0800b734   0x00000670   Code   RO          596    .text               oled.o
    0x0800bda4   0x000002f8   Code   RO          639    .text               timer.o
    0x0800c09c   0x00000480   Code   RO          662    .text               ad9959.o
    0x0800c51c   0x00000130   Code   RO          680    .text               delay.o
    0x0800c64c   0x00000148   Code   RO          714    .text               usart.o
    0x0800c794   0x00000024   Code   RO          772    .text               startup_stm32f10x_hd.o
    0x0800c7b8   0x000000dc   Code   RO          776    .text               misc.o
    0x0800c894   0x0000060c   Code   RO          788    .text               stm32f10x_fsmc.o
    0x0800cea0   0x0000035c   Code   RO          800    .text               stm32f10x_gpio.o
    0x0800d1fc   0x000003a4   Code   RO          812    .text               stm32f10x_rcc.o
    0x0800d5a0   0x00000408   Code   RO          838    .text               stm32f10x_usart.o
    0x0800d9a8   0x00000e1a   Code   RO          850    .text               stm32f10x_tim.o
    0x0800e7c2   0x00000002   PAD
    0x0800e7c4   0x0000044e   Code   RO          862    .text               stm32f10x_adc.o
    0x0800ec12   0x00000002   PAD
    0x0800ec14   0x00000254   Code   RO          946    .text               stm32f10x_dma.o
    0x0800ee68   0x00000894   Code   RO         1054    .text               os_core.o
    0x0800f6fc   0x0000080c   Code   RO         1074    .text               os_flag.o
    0x0800ff08   0x000003cc   Code   RO         1086    .text               os_mbox.o
    0x080102d4   0x000005e8   Code   RO         1116    .text               os_q.o
    0x080108bc   0x0000038c   Code   RO         1128    .text               os_sem.o
    0x08010c48   0x000007c4   Code   RO         1140    .text               os_task.o
    0x0801140c   0x000001b0   Code   RO         1152    .text               os_time.o
    0x080115bc   0x00000634   Code   RO         1164    .text               os_tmr.o
    0x08011bf0   0x000000b4   Code   RO         1176    .text               os_cpu_a.o
    0x08011ca4   0x000000d4   Code   RO         1179    .text               os_cpu_c.o
    0x08011d78   0x0000001c   Code   RO         1250    .text               mc_w.l(strcmp.o)
    0x08011d94   0x000000b0   Code   RO         1515    .text               mf_w.l(fadd.o)
    0x08011e44   0x00000064   Code   RO         1517    .text               mf_w.l(fmul.o)
    0x08011ea8   0x0000007c   Code   RO         1519    .text               mf_w.l(fdiv.o)
    0x08011f24   0x0000014e   Code   RO         1521    .text               mf_w.l(dadd.o)
    0x08012072   0x000000e4   Code   RO         1523    .text               mf_w.l(dmul.o)
    0x08012156   0x000000de   Code   RO         1525    .text               mf_w.l(ddiv.o)
    0x08012234   0x00000012   Code   RO         1527    .text               mf_w.l(fflti.o)
    0x08012246   0x0000000a   Code   RO         1529    .text               mf_w.l(ffltui.o)
    0x08012250   0x00000022   Code   RO         1531    .text               mf_w.l(dflti.o)
    0x08012272   0x0000001a   Code   RO         1533    .text               mf_w.l(dfltui.o)
    0x0801228c   0x00000032   Code   RO         1535    .text               mf_w.l(ffixi.o)
    0x080122be   0x00000028   Code   RO         1537    .text               mf_w.l(ffixui.o)
    0x080122e6   0x00000032   Code   RO         1541    .text               mf_w.l(dfixui.o)
    0x08012318   0x00000026   Code   RO         1543    .text               mf_w.l(f2d.o)
    0x0801233e   0x00000002   PAD
    0x08012340   0x00000030   Code   RO         1545    .text               mf_w.l(cdcmple.o)
    0x08012370   0x00000030   Code   RO         1547    .text               mf_w.l(cdrcmple.o)
    0x080123a0   0x00000038   Code   RO         1549    .text               mf_w.l(d2f.o)
    0x080123d8   0x00000014   Code   RO         1551    .text               mf_w.l(cfcmple.o)
    0x080123ec   0x00000014   Code   RO         1553    .text               mf_w.l(cfrcmple.o)
    0x08012400   0x00000062   Code   RO         1604    .text               mc_w.l(uldiv.o)
    0x08012462   0x0000001e   Code   RO         1606    .text               mc_w.l(llshl.o)
    0x08012480   0x00000020   Code   RO         1608    .text               mc_w.l(llushr.o)
    0x080124a0   0x00000024   Code   RO         1610    .text               mc_w.l(llsshr.o)
    0x080124c4   0x00000000   Code   RO         1619    .text               mc_w.l(iusefp.o)
    0x080124c4   0x0000006e   Code   RO         1620    .text               mf_w.l(fepilogue.o)
    0x08012532   0x000000ba   Code   RO         1622    .text               mf_w.l(depilogue.o)
    0x080125ec   0x000000a2   Code   RO         1626    .text               mf_w.l(dsqrt.o)
    0x0801268e   0x00000002   PAD
    0x08012690   0x00000024   Code   RO         1630    .text               mc_w.l(init.o)
    0x080126b4   0x0000005e   Code   RO         1640    .text               mc_w.l(__dclz77c.o)
    0x08012712   0x00000002   PAD
    0x08012714   0x00000020   Code   RO         1387    i.__0printf$5       mc_w.l(printf5.o)
    0x08012734   0x0000000e   Code   RO         1634    i.__scatterload_copy  mc_w.l(handlers.o)
    0x08012742   0x00000002   Code   RO         1635    i.__scatterload_null  mc_w.l(handlers.o)
    0x08012744   0x0000000e   Code   RO         1636    i.__scatterload_zeroinit  mc_w.l(handlers.o)
    0x08012752   0x00000002   PAD
    0x08012754   0x0000000c   Code   RO         1614    i.__set_errno       mc_w.l(errno.o)
    0x08012760   0x000002c0   Code   RO         1394    i._printf_core      mc_w.l(printf5.o)
    0x08012a20   0x0000004c   Code   RO         1238    i.sqrt              m_ws.l(sqrt.o)
    0x08012a6c   0x00000a64   Data   RO          311    .constdata          lcd.o
    0x080134d0   0x00000004   Data   RO          405    .constdata          touch.o
    0x080134d4   0x0000000a   Data   RO          444    .constdata          ott2001a.o
    0x080134de   0x0000000a   Data   RO          460    .constdata          ft5206.o
    0x080134e8   0x000000c2   Data   RO          479    .constdata          gt9147.o
    0x080135aa   0x00001880   Data   RO          598    .constdata          oled.o
    0x08014e2a   0x00025080   Data   RO          655    .constdata          sss.o
    0x08039eaa   0x00000100   Data   RO         1056    .constdata          os_core.o
    0x08039faa   0x00000002   PAD
    0x08039fac   0x00000079   Data   RO          406    .conststring        touch.o
    0x0803a025   0x00000003   PAD
    0x0803a028   0x00000020   Data   RO         1632    Region$$Table       anon$$obj.o


    Execution Region RW_IRAM1 (Base: 0x20000000, Size: 0x00008480, Max: 0x00010000, ABSOLUTE, COMPRESSED[0x00000c98])

    Base Addr    Size         Type   Attr      Idx    E Section Name        Object

    0x20000000   0x00000014   Data   RW            3    .data               main.o
    0x20000014   0x00000008   Data   RW          197    .data               stm32f10x_it.o
    0x2000001c   0x00000014   Data   RW          245    .data               system_stm32f10x.o
    0x20000030   0x00000021   Data   RW          276    .data               key.o
    0x20000051   0x00000001   PAD
    0x20000052   0x00000004   Data   RW          312    .data               lcd.o
    0x20000056   0x00000002   PAD
    0x20000058   0x00000036   Data   RW          407    .data               touch.o
    0x2000008e   0x00000001   Data   RW          445    .data               ott2001a.o
    0x2000008f   0x00000001   Data   RW          461    .data               ft5206.o
    0x20000090   0x00000001   Data   RW          480    .data               gt9147.o
    0x20000091   0x00000003   PAD
    0x20000094   0x0000100c   Data   RW          535    .data               chart.o
    0x200010a0   0x00000066   Data   RW          558    .data               device.o
    0x20001106   0x00000002   PAD
    0x20001108   0x0000007c   Data   RW          617    .data               task_manage.o
    0x20001184   0x0000000c   Data   RW          640    .data               timer.o
    0x20001190   0x00000015   Data   RW          663    .data               ad9959.o
    0x200011a5   0x00000001   PAD
    0x200011a6   0x00000004   Data   RW          681    .data               delay.o
    0x200011aa   0x00000002   PAD
    0x200011ac   0x00000006   Data   RW          716    .data               usart.o
    0x200011b2   0x00000014   Data   RW          813    .data               stm32f10x_rcc.o
    0x200011c6   0x00000002   PAD
    0x200011c8   0x0000005c   Data   RW         1057    .data               os_core.o
    0x20001224   0x00000006   Data   RW         1180    .data               os_cpu_c.o
    0x2000122a   0x00000002   PAD
    0x2000122c   0x00000004   Data   RW         1615    .data               mc_w.l(errno.o)
    0x20001230   0x00000900   Zero   RW            2    .bss                main.o
    0x20001b30   0x00000190   Zero   RW          275    .bss                key.o
    0x20001cc0   0x0000000e   Zero   RW          310    .bss                lcd.o
    0x20001cce   0x00000800   Zero   RW          516    .bss                adc.o
    0x200024ce   0x00000002   PAD
    0x200024d0   0x00004000   Zero   RW          534    .bss                chart.o
    0x200064d0   0x000007a8   Zero   RW          557    .bss                device.o
    0x20006c78   0x00000400   Zero   RW          597    .bss                oled.o
    0x20007078   0x000000c8   Zero   RW          715    .bss                usart.o
    0x20007140   0x00000f40   Zero   RW         1055    .bss                os_core.o
    0x20008080   0x00000400   Zero   RW          769    STACK               startup_stm32f10x_hd.o



  Load Region LR$$.ARM.__AT_0x68000000 (Base: 0x68000000, Size: 0x00000000, Max: 0x000f0000, ABSOLUTE)

    Execution Region ER$$.ARM.__AT_0x68000000 (Base: 0x68000000, Size: 0x000f0000, Max: 0x000f0000, ABSOLUTE, UNINIT)

    Base Addr    Size         Type   Attr      Idx    E Section Name        Object

    0x68000000   0x000f0000   Zero   RW          738    .ARM.__AT_0x68000000  malloc.o



  Load Region LR$$.ARM.__AT_0x680F0000 (Base: 0x680f0000, Size: 0x00000000, Max: 0x0000f000, ABSOLUTE)

    Execution Region ER$$.ARM.__AT_0x680F0000 (Base: 0x680f0000, Size: 0x0000f000, Max: 0x0000f000, ABSOLUTE, UNINIT)

    Base Addr    Size         Type   Attr      Idx    E Section Name        Object

    0x680f0000   0x0000f000   Zero   RW          739    .ARM.__AT_0x680F0000  malloc.o


==============================================================================

Image component sizes


      Code (inc. data)   RO Data    RW Data    ZI Data      Debug   Object Name

       378          0          0          0          0       2602   24cxx.o
      1152         74          0         21          0       3825   ad9959.o
       628         20          0          0       2048       2440   adc.o
      2144        324          0       4108      16384       6641   chart.o
      4576       4080          0          0          0        344   cr4_fft_1024_stm32.o
       644         24          0          0          0       2005   ctiic.o
       304         24          0          4          0       1701   delay.o
      8740        966          0        102       1960       6773   device.o
       824         38         10          1          0       2411   ft5206.o
      1112         74        194          1          0       2926   gt9147.o
      1452        164          0         33        400       3494   key.o
     18622        146       2660          4         14      22123   lcd.o
        56          6          0          0          0        463   led.o
      1272         76          0         20       2304     292235   main.o
         0          0          0          0    1044480       1501   malloc.o
       220         22          0          0          0       1757   misc.o
       620         14          0          0          0       1840   myiic.o
      1648         42       6272          0       1024       6295   oled.o
      2196        218        256         92       3904      15495   os_core.o
       180         36          0          0          0        312   os_cpu_a.o
       212          4          0          6          0      11347   os_cpu_c.o
      2060         42          0          0          0       6740   os_flag.o
       972         16          0          0          0       4066   os_mbox.o
      1512         30          0          0          0       5469   os_q.o
       908         18          0          0          0       3810   os_sem.o
      1988         70          0          0          0       7405   os_task.o
       432         30          0          0          0       1750   os_time.o
      1588         94          0          0          0       5445   os_tmr.o
       876         56         10          1          0       2567   ott2001a.o
         0          0     151680          0          0        385   sss.o
        36          8        304          0       1024        772   startup_stm32f10x_hd.o
      1102         26          0          0          0      10793   stm32f10x_adc.o
       596          8          0          0          0       4286   stm32f10x_dma.o
      1548         18          0          0          0       5303   stm32f10x_fsmc.o
       860         38          0          0          0       5601   stm32f10x_gpio.o
       128         26          0          8          0     204471   stm32f10x_it.o
       932         36          0         20          0       8752   stm32f10x_rcc.o
      3610         88          0          0          0      22088   stm32f10x_tim.o
      1032         22          0          0          0       8328   stm32f10x_usart.o
       480         38          0         20          0       1671   system_stm32f10x.o
         0          0          0        124          0       3450   task_manage.o
       760         28          0         12          0       1922   timer.o
      4020        222        125         54          0       6561   touch.o
       328         16          0          6        200       3106   usart.o

    ----------------------------------------------------------------------
     72756       7282     161548       4652    1073744     713271   Object Totals
         0          0         32          0          0          0   (incl. Generated)
         8          0          5         15          2          0   (incl. Padding)

    ----------------------------------------------------------------------

      Code (inc. data)   RO Data    RW Data    ZI Data      Debug   Library Member Name

        76          0          0          0          0         84   sqrt.o
        94          0          0          0          0          0   __dclz77c.o
         0          0          0          0          0          0   entry.o
         0          0          0          0          0          0   entry10a.o
         0          0          0          0          0          0   entry11a.o
         8          4          0          0          0          0   entry2.o
         4          0          0          0          0          0   entry5.o
         0          0          0          0          0          0   entry7b.o
         0          0          0          0          0          0   entry8b.o
         8          4          0          0          0          0   entry9a.o
        12          6          0          4          0         68   errno.o
        30          0          0          0          0          0   handlers.o
        36          8          0          0          0         68   init.o
         0          0          0          0          0          0   iusefp.o
        30          0          0          0          0         68   llshl.o
        36          0          0          0          0         68   llsshr.o
        32          0          0          0          0         68   llushr.o
       736         56          0          0          0        184   printf5.o
        28          0          0          0          0         76   strcmp.o
        98          0          0          0          0         92   uldiv.o
        48          0          0          0          0         68   cdcmple.o
        48          0          0          0          0         68   cdrcmple.o
        20          0          0          0          0         68   cfcmple.o
        20          0          0          0          0         68   cfrcmple.o
        56          0          0          0          0         88   d2f.o
       334          0          0          0          0        148   dadd.o
       222          0          0          0          0        100   ddiv.o
       186          0          0          0          0        176   depilogue.o
        50          0          0          0          0         76   dfixui.o
        34          0          0          0          0         76   dflti.o
        26          0          0          0          0         76   dfltui.o
       228          0          0          0          0         96   dmul.o
       162          0          0          0          0        100   dsqrt.o
        38          0          0          0          0         68   f2d.o
       176          0          0          0          0        140   fadd.o
       124          0          0          0          0         88   fdiv.o
       110          0          0          0          0        168   fepilogue.o
        50          0          0          0          0         68   ffixi.o
        40          0          0          0          0         68   ffixui.o
        18          0          0          0          0         68   fflti.o
        10          0          0          0          0         68   ffltui.o
       100          0          0          0          0         76   fmul.o

    ----------------------------------------------------------------------
      3336         78          0          4          0       2796   Library Totals
         8          0          0          0          0          0   (incl. Padding)

    ----------------------------------------------------------------------

      Code (inc. data)   RO Data    RW Data    ZI Data      Debug   Library Name

        76          0          0          0          0         84   m_ws.l
      1152         78          0          4          0        692   mc_w.l
      2100          0          0          0          0       2020   mf_w.l

    ----------------------------------------------------------------------
      3336         78          0          4          0       2796   Library Totals

    ----------------------------------------------------------------------

==============================================================================


      Code (inc. data)   RO Data    RW Data    ZI Data      Debug   

     76092       7360     161548       4656    1073744     711203   Grand Totals
     76092       7360     161548       3224    1073744     711203   ELF Image Totals (compressed)
     76092       7360     161548       3224          0          0   ROM Totals

==============================================================================

    Total RO  Size (Code + RO Data)               237640 ( 232.07kB)
    Total RW  Size (RW Data + ZI Data)           1078400 (1053.13kB)
    Total ROM Size (Code + RO Data + RW Data)     240864 ( 235.22kB)

==============================================================================

